
> build
> vite build

vite v7.2.7 building client environment for production...
[plugin @laravel/vite-plugin-wayfinder] Types generated for actions, routes, form variants

...noise.svg referenced in ...noise.svg didn't resolve at build time, it will remain unchanged to be resolved at runtime
transforming...
✓ 4976 modules transformed.
✗ Build failed in 27.67s
error during build:
resources/js/pages/student/settings.tsx (47:4): "getActiveSessions" is not exported by "resources/js/lib/settings-api.ts", imported by "resources/js/pages/student/settings.tsx".
file: /Users/intrasepriansa/Herd/TPLK004/resources/js/pages/student/settings.tsx:47:4

45:     clearCache,
46:     getStorageUsage,
47:     getActiveSessions,
        ^
48:     getLoginHistory,
49:     terminateSession,

    at getRollupError (file:///Users/intrasepriansa/Herd/TPLK004/node_modules/rollup/dist/es/shared/parseAst.js:401:41)
    at error (file:///Users/intrasepriansa/Herd/TPLK004/node_modules/rollup/dist/es/shared/parseAst.js:397:42)
    at Module.error (file:///Users/intrasepriansa/Herd/TPLK004/node_modules/rollup/dist/es/shared/node-entry.js:16875:16)
    at Module.traceVariable (file:///Users/intrasepriansa/Herd/TPLK004/node_modules/rollup/dist/es/shared/node-entry.js:17327:29)
    at ModuleScope.findVariable (file:///Users/intrasepriansa/Herd/TPLK004/node_modules/rollup/dist/es/shared/node-entry.js:14997:39)
    at FunctionScope.findVariable (file:///Users/intrasepriansa/Herd/TPLK004/node_modules/rollup/dist/es/shared/node-entry.js:5620:38)
    at FunctionBodyScope.findVariable (file:///Users/intrasepriansa/Herd/TPLK004/node_modules/rollup/dist/es/shared/node-entry.js:5620:38)
    at ReturnValueScope.findVariable (file:///Users/intrasepriansa/Herd/TPLK004/node_modules/rollup/dist/es/shared/node-entry.js:5620:38)
    at FunctionBodyScope.findVariable (file:///Users/intrasepriansa/Herd/TPLK004/node_modules/rollup/dist/es/shared/node-entry.js:5620:38)
    at BlockScope.findVariable (file:///Users/intrasepriansa/Herd/TPLK004/node_modules/rollup/dist/es/shared/node-entry.js:5620:38)
    at Identifier.bind (file:///Users/intrasepriansa/Herd/TPLK004/node_modules/rollup/dist/es/shared/node-entry.js:5394:40)
    at CallExpression.bind (file:///Users/intrasepriansa/Herd/TPLK004/node_modules/rollup/dist/es/shared/node-entry.js:2785:23)
    at CallExpression.bind (file:///Users/intrasepriansa/Herd/TPLK004/node_modules/rollup/dist/es/shared/node-entry.js:12058:15)
    at ArrayExpression.bind (file:///Users/intrasepriansa/Herd/TPLK004/node_modules/rollup/dist/es/shared/node-entry.js:2781:28)
    at CallExpression.bind (file:///Users/intrasepriansa/Herd/TPLK004/node_modules/rollup/dist/es/shared/node-entry.js:2781:28)
    at CallExpression.bind (file:///Users/intrasepriansa/Herd/TPLK004/node_modules/rollup/dist/es/shared/node-entry.js:12058:15)
    at AwaitExpression.bind (file:///Users/intrasepriansa/Herd/TPLK004/node_modules/rollup/dist/es/shared/node-entry.js:2785:23)
    at VariableDeclarator.bind (file:///Users/intrasepriansa/Herd/TPLK004/node_modules/rollup/dist/es/shared/node-entry.js:2785:23)
    at VariableDeclaration.bind (file:///Users/intrasepriansa/Herd/TPLK004/node_modules/rollup/dist/es/shared/node-entry.js:2781:28)
    at BlockStatement.bind (file:///Users/intrasepriansa/Herd/TPLK004/node_modules/rollup/dist/es/shared/node-entry.js:2781:28)
    at TryStatement.bind (file:///Users/intrasepriansa/Herd/TPLK004/node_modules/rollup/dist/es/shared/node-entry.js:2785:23)
    at BlockStatement.bind (file:///Users/intrasepriansa/Herd/TPLK004/node_modules/rollup/dist/es/shared/node-entry.js:2781:28)
    at ArrowFunctionExpression.bind (file:///Users/intrasepriansa/Herd/TPLK004/node_modules/rollup/dist/es/shared/node-entry.js:2785:23)
    at VariableDeclarator.bind (file:///Users/intrasepriansa/Herd/TPLK004/node_modules/rollup/dist/es/shared/node-entry.js:2785:23)
    at VariableDeclaration.bind (file:///Users/intrasepriansa/Herd/TPLK004/node_modules/rollup/dist/es/shared/node-entry.js:2781:28)
    at BlockStatement.bind (file:///Users/intrasepriansa/Herd/TPLK004/node_modules/rollup/dist/es/shared/node-entry.js:2781:28)
    at FunctionDeclaration.bind (file:///Users/intrasepriansa/Herd/TPLK004/node_modules/rollup/dist/es/shared/node-entry.js:2785:23)
    at ExportDefaultDeclaration.bind (file:///Users/intrasepriansa/Herd/TPLK004/node_modules/rollup/dist/es/shared/node-entry.js:2785:23)
    at Program.bind (file:///Users/intrasepriansa/Herd/TPLK004/node_modules/rollup/dist/es/shared/node-entry.js:2781:28)
    at Module.bindReferences (file:///Users/intrasepriansa/Herd/TPLK004/node_modules/rollup/dist/es/shared/node-entry.js:16854:18)
    at Graph.sortModules (file:///Users/intrasepriansa/Herd/TPLK004/node_modules/rollup/dist/es/shared/node-entry.js:22646:20)
    at Graph.build (file:///Users/intrasepriansa/Herd/TPLK004/node_modules/rollup/dist/es/shared/node-entry.js:22544:14)
    at async file:///Users/intrasepriansa/Herd/TPLK004/node_modules/rollup/dist/es/shared/node-entry.js:23234:13
    at async catchUnfinishedHookActions (file:///Users/intrasepriansa/Herd/TPLK004/node_modules/rollup/dist/es/shared/node-entry.js:22705:16)
    at async rollupInternal (file:///Users/intrasepriansa/Herd/TPLK004/node_modules/rollup/dist/es/shared/node-entry.js:23229:5)
    at async buildEnvironment (file:///Users/intrasepriansa/Herd/TPLK004/node_modules/vite/dist/node/chunks/config.js:33540:12)
    at async Object.build (file:///Users/intrasepriansa/Herd/TPLK004/node_modules/vite/dist/node/chunks/config.js:33899:19)
    at async Object.buildApp (file:///Users/intrasepriansa/Herd/TPLK004/node_modules/vite/dist/node/chunks/config.js:33896:153)
    at async CAC.<anonymous> (file:///Users/intrasepriansa/Herd/TPLK004/node_modules/vite/dist/node/cli.js:629:3)
